[
  {
    "type": "pypi",
    "namespace": null,
    "name": null,
    "version": null,
    "qualifiers": {},
    "subpath": null,
    "primary_language": "Python",
    "description": null,
    "release_date": null,
    "parties": [],
    "keywords": [],
    "homepage_url": null,
    "download_url": null,
    "size": null,
    "sha1": null,
    "md5": null,
    "sha256": null,
    "sha512": null,
    "bug_tracking_url": null,
    "code_view_url": null,
    "vcs_url": null,
    "copyright": null,
    "license_expression": null,
    "declared_license": null,
    "notice_text": null,
    "root_path": null,
    "dependencies": [
      {
        "purl": "pkg:pypi/myproject",
        "requirement": "--editable bzr+http://bzr.myproject.org/MyProject/trunk#egg=MyProject",
        "scope": "install",
        "is_runtime": true,
        "is_optional": false,
        "is_resolved": false
      },
      {
        "purl": "pkg:pypi/myproject",
        "requirement": "--editable bzr+sftp://user@myproject.org/MyProject/trunk#egg=MyProject",
        "scope": "install",
        "is_runtime": true,
        "is_optional": false,
        "is_resolved": false
      },
      {
        "purl": "pkg:pypi/myproject",
        "requirement": "--editable bzr+ssh://user@myproject.org/MyProject/trunk#egg=MyProject",
        "scope": "install",
        "is_runtime": true,
        "is_optional": false,
        "is_resolved": false
      },
      {
        "purl": "pkg:pypi/myproject",
        "requirement": "--editable bzr+ftp://user@myproject.org/MyProject/trunk#egg=MyProject",
        "scope": "install",
        "is_runtime": true,
        "is_optional": false,
        "is_resolved": false
      },
      {
        "purl": "pkg:pypi/myproject",
        "requirement": "--editable bzr+https://bzr.myproject.org/MyProject/trunk@2019#egg=MyProject",
        "scope": "install",
        "is_runtime": true,
        "is_optional": false,
        "is_resolved": false
      },
      {
        "purl": "pkg:pypi/myproject",
        "requirement": "--editable bzr+http://bzr.myproject.org/MyProject/trunk@v1.0#egg=MyProject",
        "scope": "install",
        "is_runtime": true,
        "is_optional": false,
        "is_resolved": false
      },
      {
        "purl": "pkg:pypi/myproject",
        "requirement": "bzr+http://bzr.myproject.org/MyProject/trunk#egg=MyProject",
        "scope": "install",
        "is_runtime": true,
        "is_optional": false,
        "is_resolved": false
      },
      {
        "purl": "pkg:pypi/myproject",
        "requirement": "bzr+sftp://user@myproject.org/MyProject/trunk#egg=MyProject",
        "scope": "install",
        "is_runtime": true,
        "is_optional": false,
        "is_resolved": false
      },
      {
        "purl": "pkg:pypi/myproject",
        "requirement": "bzr+ssh://user@myproject.org/MyProject/trunk#egg=MyProject",
        "scope": "install",
        "is_runtime": true,
        "is_optional": false,
        "is_resolved": false
      },
      {
        "purl": "pkg:pypi/myproject",
        "requirement": "bzr+ftp://user@myproject.org/MyProject/trunk#egg=MyProject",
        "scope": "install",
        "is_runtime": true,
        "is_optional": false,
        "is_resolved": false
      },
      {
        "purl": "pkg:pypi/myproject",
        "requirement": "bzr+https://bzr.myproject.org/MyProject/trunk@2019#egg=MyProject",
        "scope": "install",
        "is_runtime": true,
        "is_optional": false,
        "is_resolved": false
      },
      {
        "purl": "pkg:pypi/myproject",
        "requirement": "bzr+http://bzr.myproject.org/MyProject/trunk@v1.0#egg=MyProject",
        "scope": "install",
        "is_runtime": true,
        "is_optional": false,
        "is_resolved": false
      }
    ],
    "contains_source_code": null,
    "source_packages": [],
    "extra_data": {},
    "purl": null,
    "repository_homepage_url": null,
    "repository_download_url": null,
    "api_data_url": null
  }
]