[
  {
    "type": "pypi",
    "namespace": null,
    "name": null,
    "version": null,
    "qualifiers": {},
    "subpath": null,
    "primary_language": "Python",
    "description": null,
    "release_date": null,
    "parties": [],
    "keywords": [],
    "homepage_url": null,
    "download_url": null,
    "size": null,
    "sha1": null,
    "md5": null,
    "sha256": null,
    "sha512": null,
    "bug_tracking_url": null,
    "code_view_url": null,
    "vcs_url": null,
    "copyright": null,
    "license_expression": null,
    "declared_license": null,
    "notice_text": null,
    "root_path": null,
    "dependencies": [
      {
        "purl": "pkg:pypi/babel@0.9.6",
        "requirement": "==0.9.6",
        "scope": "install",
        "is_runtime": true,
        "is_optional": false,
        "is_resolved": true
      },
      {
        "purl": "pkg:pypi/crate.web",
        "requirement": "--editable git+https://github.com/crateio/crate.web.git#egg=crate.web",
        "scope": "install",
        "is_runtime": true,
        "is_optional": false,
        "is_resolved": false
      },
      {
        "purl": "pkg:pypi/django-uuidfield@0.2",
        "requirement": "==0.2",
        "scope": "install",
        "is_runtime": true,
        "is_optional": false,
        "is_resolved": true
      },
      {
        "purl": "pkg:pypi/jutils",
        "requirement": "--editable git+https://github.com/dstufft/jutils.git#egg=jutils",
        "scope": "install",
        "is_runtime": true,
        "is_optional": false,
        "is_resolved": false
      }
    ],
    "contains_source_code": null,
    "source_packages": [],
    "extra_data": {},
    "purl": null,
    "repository_homepage_url": null,
    "repository_download_url": null,
    "api_data_url": null
  }
]